{
    "id": "",
    "name": "feedercan",
    "image": {
        "name": "ghcr.io/eclipse/kuksa.val.feeders/dbc2val:v0.1.1",
        "decrypt_config": null
    },
    "host_name": "",
    "domain_name": "",
    "resolv_conf_path": "",
    "hosts_path": "",
    "hostname_path": "",
    "mounts": [],
    "hooks": [],
    "host_config": {
        "devices": [],
        "network_mode": "bridge",
        "privileged": false,
        "restart_policy": {
            "maximum_retry_count": 0,
            "retry_timeout": 0,
            "type": "unless-stopped"
        },
        "runtime": "io.containerd.runc.v2",
        "extra_hosts": [
            "databroker-host:host_ip"
        ],
        "port_mappings": [],
        "log_config": {
            "driver_config": {
                "type": "json-file",
                "max_files": 2,
                "max_size": "1M",
                "root_dir": ""
            },
            "mode_config": {
                "mode": "blocking",
                "max_buffer_size": ""
            }
        },
        "resources": null
    },
    "io_config": {
        "attach_stderr": false,
        "attach_stdin": false,
        "attach_stdout": false,
        "open_stdin": false,
        "stdin_once": false,
        "tty": false
    },
    "config": {
        "env": [
            "VEHICLEDATABROKER_DAPR_APP_ID=databroker",
            "VDB_ADDRESS=databroker-host:30555",
            "USECASE=databroker",
            "LOG_LEVEL=info",
            "databroker=info",
            "broker_client=info",
            "dbcfeeder=info"
        ],
        "cmd": []
    },
    "network_settings": null,
    "state": {
        "pid": -1,
        "started_at": "",
        "error": "",
        "exit_code": 0,
        "finished_at": "",
        "exited": false,
        "dead": false,
        "restarting": false,
        "paused": false,
        "running": false,
        "status": "",
        "oom_killed": false
    },
    "created": "",
    "manually_stopped": false,
    "restart_count": 0
}
