{
    "title": "Hello!",
    "author": {
        "givenName": "John"
    },
    "tags": [
        "example"
    ],
    "content": "This will be unchanged",
    "phoneNumber": "+01-123-456-7890"
}